<html>
<body>
<pre>
<h1>礦ision Build Log</h1>
<h2>Tool Versions:</h2>
IDE-Version: μVision V5.14.0.0
Copyright (C) 2015 ARM Ltd and ARM Germany GmbH. All rights reserved.
License Information: 1 kenny, 1, LIC=----
 
Tool Versions:
Toolchain:       MDK-ARM Standard  Version: 5.14.0.0
Toolchain Path:  D:\MDK\ARM\ARMCC\Bin
C Compiler:      Armcc.exe V5.05 update 1 (build 106)
Assembler:       Armasm.exe V5.05 update 1 (build 106)
Linker/Locator:  ArmLink.exe V5.05 update 1 (build 106)
Library Manager: ArmAr.exe V5.05 update 1 (build 106)
Hex Converter:   FromElf.exe V5.05 update 1 (build 106)
CPU DLL:         SARMCM3.DLL V5.14.0.0
Dialog DLL:      DCM.DLL V1.13.1.0
Target DLL:      Segger\JL2CM3.dll V2.99.13.0
Dialog DLL:      TCM.DLL V1.14.4.0
 
<h2>Project:</h2>
D:\桌面文件\桂林智辰\物联网实验项目\图书管理系统\图书录入身份识别\USER\Template.uvprojx
Project File Date:  03/22/2022

<h2>Output:</h2>
Build target 'Template'
compiling main.c...
main.c(19): warning:  #1295-D: Deprecated declaration esp8266_init - give arg types
  void esp8266_init();          //wifi初始化
main.c(21): warning:  #1295-D: Deprecated declaration SuccessfullyId - give arg types
  void SuccessfullyId();        //身份识别成功
main.c(22): warning:  #1295-D: Deprecated declaration senddata - give arg types
  void senddata();
main.c(23): warning:  #1295-D: Deprecated declaration idread - give arg types
  void idread();
main.c(24): warning:  #1295-D: Deprecated declaration Identification - give arg types
  void Identification();
main.c(132): warning:  #111-D: statement is unreachable
        return 0;
main.c: 6 warnings, 0 errors
compiling stm32f10x_it.c...
compiling system_stm32f10x.c...
compiling delay.c...
compiling spi.c...
compiling sys.c...
compiling timer.c...
compiling usart.c...
compiling core_cm3.c...
assembling startup_stm32f10x_hd.s...
compiling misc.c...
compiling stm32f10x_adc.c...
compiling stm32f10x_bkp.c...
compiling stm32f10x_can.c...
compiling stm32f10x_cec.c...
compiling stm32f10x_crc.c...
compiling stm32f10x_dac.c...
compiling stm32f10x_dbgmcu.c...
compiling stm32f10x_dma.c...
compiling stm32f10x_exti.c...
compiling stm32f10x_flash.c...
compiling stm32f10x_fsmc.c...
compiling stm32f10x_gpio.c...
compiling stm32f10x_i2c.c...
compiling stm32f10x_iwdg.c...
compiling stm32f10x_pwr.c...
compiling stm32f10x_rcc.c...
compiling stm32f10x_rtc.c...
compiling stm32f10x_sdio.c...
compiling stm32f10x_spi.c...
compiling stm32f10x_tim.c...
compiling stm32f10x_usart.c...
compiling stm32f10x_wwdg.c...
compiling exti.c...
compiling gpio.c...
compiling lcd.c...
compiling wifi.c...
compiling rc522.c...
..\HARDWARE\rc522.c(7): warning:  #47-D: incompatible redefinition of macro "u32" (declared at line 9 of "..\HARDWARE\lcd.h")
  #define u32 unsigned int
..\HARDWARE\rc522.c(81): warning:  #177-D: variable "i" was declared but never referenced
                u8 i = 0;
..\HARDWARE\rc522.c(461): warning:  #177-D: variable "GPIO_InitStructure" was declared but never referenced
        GPIO_InitTypeDef GPIO_InitStructure;
..\HARDWARE\rc522.c(1066): warning:  #223-D: function "memcpy" declared implicitly
                memcpy(ucComMF522Buf, pData, 16);
..\HARDWARE\rc522.c: 4 warnings, 0 errors
linking...
Program Size: Code=12380 RO-data=5496 RW-data=312 ZI-data=3584  
FromELF: creating hex file...
"..\OBJ\Template.axf" - 0 Error(s), 10 Warning(s).

<h2>Collection of Component include folders:</h2>
  D:\桌面文件\桂林智辰\物联网实验项目\图书管理系统\图书录入身份识别\USER\RTE
  D:\MDK\ARM\PACK\Keil\STM32F1xx_DFP\1.0.5\Device\Include

<h2>Collection of Component Files used:</h2>
</pre>
</body>
</html>
